// Jest Snapshot v1, https://goo.gl/fbAQLP

exports[`S1 快照 variant-chars.json 的异体字 1`] = `
[
  [
    "㫖",
    "旨",
  ],
  [
    "縂",
    "总",
  ],
  [
    "寳",
    "宝",
  ],
  [
    "㐫",
    "凶",
  ],
  [
    "㐮",
    "襄",
  ],
  [
    "㐲",
    "伏",
  ],
  [
    "㑹",
    "会",
  ],
  [
    "㒒",
    "仆",
  ],
  [
    "㒵",
    "貌",
  ],
  [
    "㒺",
    "罔",
  ],
  [
    "㓂",
    "寇",
  ],
  [
    "㓕",
    "灭",
  ],
  [
    "㓗",
    "洁",
  ],
  [
    "㓙",
    "凶",
  ],
  [
    "㓛",
    "功",
  ],
  [
    "𦕈",
    "眇",
  ],
  [
    "𦗟",
    "听",
  ],
  [
    "𦙍",
    "胤",
  ],
  [
    "𦵏",
    "葬",
  ],
  [
    "𧰼",
    "象",
  ],
  [
    "𨼆",
    "隐",
  ],
  [
    "𨽻",
    "隶",
  ],
  [
    "𩔖",
    "类",
  ],
  [
    "𫉬",
    "获",
  ],
  [
    "𫝊",
    "传",
  ],
  [
    "𬒳",
    "被",
  ],
  [
    "兔",
    "兔",
  ],
  [
    "𠖇",
    "冥",
  ],
  [
    "𠞰",
    "剿",
  ],
  [
    "𠡠",
    "敕",
  ],
  [
    "𡨕",
    "冥",
  ],
]
`;

exports[`S1 快照 整句：异体字归一＋t2cn＋标点 1`] = `"凡例云：其旨总在风月宝鉴，后汉书于是乎著录；发、面、里皆有之。"`;

exports[`S1 快照 繁简多对一 1`] = `
[
  [
    "後",
    "后",
  ],
  [
    "后",
    "后",
  ],
  [
    "發",
    "发",
  ],
  [
    "髮",
    "发",
  ],
  [
    "裡",
    "里",
  ],
  [
    "裏",
    "里",
  ],
  [
    "里",
    "里",
  ],
  [
    "於",
    "于",
  ],
  [
    "于",
    "于",
  ],
  [
    "雲",
    "云",
  ],
  [
    "云",
    "云",
  ],
  [
    "餘",
    "余",
  ],
  [
    "余",
    "余",
  ],
  [
    "乾",
    "干",
  ],
  [
    "幹",
    "干",
  ],
  [
    "榦",
    "干",
  ],
  [
    "麵",
    "面",
  ],
  [
    "面",
    "面",
  ],
  [
    "臺",
    "台",
  ],
  [
    "檯",
    "台",
  ],
  [
    "颱",
    "台",
  ],
  [
    "台",
    "台",
  ],
  [
    "著録",
    "著录",
  ],
  [
    "所著",
    "所著",
  ],
  [
    "乾隆",
    "乾隆",
  ],
  [
    "干支",
    "干支",
  ],
  [
    "瞭解",
    "了解",
  ],
  [
    "嚮往",
    "向往",
  ],
  [
    "徵",
    "征",
  ],
  [
    "征",
    "征",
  ],
  [
    "鬥",
    "斗",
  ],
  [
    "斗",
    "斗",
  ],
]
`;

exports[`S1 快照 组字式：括号、符号、字母数字原样，字数不变 1`] = `
[
  [
    "[口*恒]",
    "[口*恒]",
  ],
  [
    "[薛/女]",
    "[薛/女]",
  ],
  [
    "{宀兒}",
    "{宀儿}",
  ],
  [
    "[B18D]",
    "[B18D]",
  ],
  [
    "[金*(咢-丂+八)]",
    "[金*(咢-丂+八)]",
  ],
  [
    "〔〕",
    "〔〕",
  ],
]
`;
